// Jest Snapshot v1, https://goo.gl/fbAQLP

exports[`<Filter /> snapshot 1`] = `
<div>
  <div
    class="filter"
  >
    <div
      class="title"
    >
      Filtro
    </div>
    <form
      data-testid="filterForm"
    >
      <input
        data-testid="name"
        name="name"
        placeholder="personagem"
        type="text"
      />
      <select
        data-testid="gender"
        name="gender"
      >
        <option
          value=""
        >
          Gender
        </option>
        <option
          value="Female"
        >
          Female
        </option>
        <option
          value="Male"
        >
          Male
        </option>
        <option
          value="Genderless"
        >
          Genderless
        </option>
        <option
          value="unknown"
        >
          unknown
        </option>
      </select>
      <select
        data-testid="status"
        name="status"
      >
        <option
          value=""
        >
          Status
        </option>
        <option
          value="Alive"
        >
          Alive
        </option>
        <option
          value="Dead"
        >
          Dead
        </option>
        <option
          value="unknown"
        >
          unknown
        </option>
      </select>
      <button
        data-testid="search"
        type="submit"
      >
        Pesquisar
      </button>
    </form>
  </div>
</div>
`;
