// Jest Snapshot v1, https://goo.gl/fbAQLP

exports[`Pagination component snapshot 1`] = `
<div>
  <div
    class="pagination"
  >
    <button>
      <span>
        &lt;&lt;
      </span>
    </button>
    <button>
      <span>
        &lt;
      </span>
    </button>
    <p>
      2 de 5
    </p>
    <button>
      <span>
        &gt;
      </span>
    </button>
    <button>
      <span>
        &gt;&gt;
      </span>
    </button>
  </div>
</div>
`;
