// Jest Snapshot v1, https://goo.gl/fbAQLP

exports[`<Card /> snapshot 1`] = `
<div>
  <div
    class="card"
    data-testid="card"
  >
    <a
      href="/character/1"
    >
      <img
        alt=""
        data-nimg="1"
        decoding="async"
        height="246"
        src="/_next/image?url=https%3A%2F%2Frickandmortyapi.com%2Fapi%2Fcharacter%2Favatar%2F1.jpeg&w=640&q=75"
        srcset="/_next/image?url=https%3A%2F%2Frickandmortyapi.com%2Fapi%2Fcharacter%2Favatar%2F1.jpeg&w=256&q=75 1x, /_next/image?url=https%3A%2F%2Frickandmortyapi.com%2Fapi%2Fcharacter%2Favatar%2F1.jpeg&w=640&q=75 2x"
        style="color: transparent;"
        width="235"
      />
    </a>
    <div
      class="cardDescription"
    >
      <div
        class="cardName"
      >
        <h3>
          Rick Sanchez
        </h3>
      </div>
      <div
        class="tags"
      >
        <div
          class="tag"
        >
          Male
        </div>
        <div
          class="tag"
        >
          Alive
        </div>
        <div
          class="tag"
        >
          Human
        </div>
      </div>
    </div>
  </div>
</div>
`;
